// Jest Snapshot v1, https://goo.gl/fbAQLP

exports[`Cover Persist Proeprty Test: After Changes 1`] = `
Object {
  "myBool": true,
  "myString": "asdf",
}
`;

exports[`Cover Persist Proeprty Test: Initial State 1`] = `
Object {
  "myBool": false,
  "myString": "",
}
`;
